[2026-04-02 18:25:24,093] - [INFO] - Request: curl -H 'User-Agent: python-requests/2.33.1' -H 'Accept-Encoding: gzip, deflate' -H 'Accept: */*' -H 'Connection: keep-alive' -H 'Content-Length: 99' -H 'Content-Type: application/x-www-form-urlencoded' -d 'username=penaelizabeth&password=_ikWEAC%29t3&password_repeat=_ikWEAC%29t3&email=qhess%40example.net' http://192.168.0.104:8000/auth/register/
[2026-04-02 18:25:24,093] - [INFO] - Response status code: 201, elapsed_time= '0:00:00.412573' 
 {
  "detail": "User registered"
}

[2026-04-02 18:25:24,594] - [INFO] - Request: curl -H 'User-Agent: python-requests/2.33.1' -H 'Accept-Encoding: gzip, deflate' -H 'Accept: */*' -H 'Connection: keep-alive' -H 'Content-Length: 44' -H 'Content-Type: application/x-www-form-urlencoded' -d 'username=penaelizabeth&password=_ikWEAC%29t3' http://192.168.0.104:8000/auth/login/
[2026-04-02 18:25:24,594] - [INFO] - Response status code: 200, elapsed_time= '0:00:00.446592' 
 {
  "access_token": "eyJhbGciOiJSUzI1NiIsInR5cCI6IkpXVCJ9.eyJzdWIiOjIxLCJ1c2VybmFtZSI6InBlbmFlbGl6YWJldGgiLCJleHAiOjE3NzUxNTA3MjQsImlhdCI6MTc3NTE0MzUyNH0.bPudrqcU0I4BYlVuyEDqxM2cmSSK8EmNwjFJZv251P90TZygHRfnvGlMCyM4nyp73Oy5cc_eebJx9Y5PloO-pngjGEIBpiLCaGwq01xJjt4aS2lB-YyHm9Xc77VHFy2PoA9QChm3wjf49OImesPINBcv8coXmOy8Wh5anPwlN6p9-dfKiJHAbMBNvPk1LARXQrk13zqMTOzJ_crGcAkZVADZoa_ZIWapFCu6xu6qG64yrvECBW8JClln_BVukd-NlNKnlzICm5HAWhf4bowYhoMm6JmaLJAQxZBcL7PtE6re5QjyFzKg7VYDCJlO5jiddgcYik0uXU_R6FGJZo56eQ",
  "token_type": "Bearer"
}

[2026-04-02 18:25:24,661] - [INFO] - Request: curl -H 'User-Agent: python-requests/2.33.1' -H 'Accept-Encoding: gzip, deflate' -H 'Accept: */*' -H 'Connection: keep-alive' -H 'Authorization: Bearer eyJhbGciOiJSUzI1NiIsInR5cCI6IkpXVCJ9.eyJzdWIiOjIxLCJ1c2VybmFtZSI6InBlbmFlbGl6YWJldGgiLCJleHAiOjE3NzUxNTA3MjQsImlhdCI6MTc3NTE0MzUyNH0.bPudrqcU0I4BYlVuyEDqxM2cmSSK8EmNwjFJZv251P90TZygHRfnvGlMCyM4nyp73Oy5cc_eebJx9Y5PloO-pngjGEIBpiLCaGwq01xJjt4aS2lB-YyHm9Xc77VHFy2PoA9QChm3wjf49OImesPINBcv8coXmOy8Wh5anPwlN6p9-dfKiJHAbMBNvPk1LARXQrk13zqMTOzJ_crGcAkZVADZoa_ZIWapFCu6xu6qG64yrvECBW8JClln_BVukd-NlNKnlzICm5HAWhf4bowYhoMm6JmaLJAQxZBcL7PtE6re5QjyFzKg7VYDCJlO5jiddgcYik0uXU_R6FGJZo56eQ' http://192.168.0.104:8000/users/me/
[2026-04-02 18:25:24,661] - [INFO] - Response status code: 200, elapsed_time= '0:00:00.011239' 
 {
  "id": 21,
  "username": "penaelizabeth",
  "email": "qhess@example.net",
  "is_enabled": true
}

[2026-04-02 18:25:24,739] - [INFO] - Request: curl -X GET -H 'User-Agent: python-requests/2.33.1' -H 'Accept-Encoding: gzip, deflate' -H 'Accept: */*' -H 'Connection: keep-alive' -H 'Authorization: Bearer eyJhbGciOiJSUzI1NiIsInR5cCI6IkpXVCJ9.eyJzdWIiOjIxLCJ1c2VybmFtZSI6InBlbmFlbGl6YWJldGgiLCJleHAiOjE3NzUxNTA3MjQsImlhdCI6MTc3NTE0MzUyNH0.bPudrqcU0I4BYlVuyEDqxM2cmSSK8EmNwjFJZv251P90TZygHRfnvGlMCyM4nyp73Oy5cc_eebJx9Y5PloO-pngjGEIBpiLCaGwq01xJjt4aS2lB-YyHm9Xc77VHFy2PoA9QChm3wjf49OImesPINBcv8coXmOy8Wh5anPwlN6p9-dfKiJHAbMBNvPk1LARXQrk13zqMTOzJ_crGcAkZVADZoa_ZIWapFCu6xu6qG64yrvECBW8JClln_BVukd-NlNKnlzICm5HAWhf4bowYhoMm6JmaLJAQxZBcL7PtE6re5QjyFzKg7VYDCJlO5jiddgcYik0uXU_R6FGJZo56eQ' -H 'Content-Length: 23' -H 'Content-Type: application/json' -d '{"name": "Sarah Brown"}' http://192.168.0.104:8001/groups/
[2026-04-02 18:25:24,740] - [INFO] - Response status code: 200, elapsed_time= '0:00:00.028359' 
 [
  {
    "name": "David Estrada",
    "id": 1
  },
  {
    "name": "Steven Jones",
    "id": 2
  },
  {
    "name": "Andrea Reid",
    "id": 3
  }
]

[2026-04-02 18:25:24,813] - [INFO] - Request: curl -X GET -H 'User-Agent: python-requests/2.33.1' -H 'Accept-Encoding: gzip, deflate' -H 'Accept: */*' -H 'Connection: keep-alive' -H 'Authorization: Bearer eyJhbGciOiJSUzI1NiIsInR5cCI6IkpXVCJ9.eyJzdWIiOjIxLCJ1c2VybmFtZSI6InBlbmFlbGl6YWJldGgiLCJleHAiOjE3NzUxNTA3MjQsImlhdCI6MTc3NTE0MzUyNH0.bPudrqcU0I4BYlVuyEDqxM2cmSSK8EmNwjFJZv251P90TZygHRfnvGlMCyM4nyp73Oy5cc_eebJx9Y5PloO-pngjGEIBpiLCaGwq01xJjt4aS2lB-YyHm9Xc77VHFy2PoA9QChm3wjf49OImesPINBcv8coXmOy8Wh5anPwlN6p9-dfKiJHAbMBNvPk1LARXQrk13zqMTOzJ_crGcAkZVADZoa_ZIWapFCu6xu6qG64yrvECBW8JClln_BVukd-NlNKnlzICm5HAWhf4bowYhoMm6JmaLJAQxZBcL7PtE6re5QjyFzKg7VYDCJlO5jiddgcYik0uXU_R6FGJZo56eQ' -H 'Content-Length: 139' -H 'Content-Type: application/json' -d '{"first_name": "Janice", "last_name": "Tran", "email": "dsmith@example.net", "degree": "Doctorate", "phone": "+71124828179", "group_id": 3}' http://192.168.0.104:8001/students/
[2026-04-02 18:25:24,813] - [INFO] - Response status code: 200, elapsed_time= '0:00:00.022661' 
 [
  {
    "first_name": "Scott",
    "last_name": "Shaffer",
    "email": "phughes@example.org",
    "degree": "Bachelor",
    "phone": "+76419302823",
    "group_id": 2,
    "id": 1
  },
  {
    "first_name": "Kevin",
    "last_name": "Ruiz",
    "email": "teresarobertson@example.org",
    "degree": "Master",
    "phone": "+75860619225",
    "group_id": 3,
    "id": 2
  }
]

[2026-04-02 18:37:57,957] - [INFO] - Request: curl -X GET -H 'User-Agent: python-requests/2.33.1' -H 'Accept-Encoding: gzip, deflate' -H 'Accept: */*' -H 'Connection: keep-alive' -H 'Content-Length: 24' -H 'Content-Type: application/json' -d '{"name": "David Harris"}' http://192.168.0.104:8001/groups/
[2026-04-02 18:37:57,957] - [INFO] - Response status code: 403, elapsed_time= '0:00:00.007474' 
 {
  "detail": "Access denied"
}

[2026-04-02 19:02:18,283] - [INFO] - Request: curl -X GET -H 'User-Agent: python-requests/2.33.1' -H 'Accept-Encoding: gzip, deflate' -H 'Accept: */*' -H 'Connection: keep-alive' -H 'Content-Length: 26' -H 'Content-Type: application/json' -d '{"name": "Thomas Trevino"}' http://192.168.0.104:8001/groups/
[2026-04-02 19:02:18,284] - [INFO] - Response status code: 403, elapsed_time= '0:00:00.008589' 
 {
  "detail": "Access denied"
}

[2026-04-02 19:08:15,796] - [INFO] - Request: curl -X GET -H 'User-Agent: python-requests/2.33.1' -H 'Accept-Encoding: gzip, deflate' -H 'Accept: */*' -H 'Connection: keep-alive' -H 'Content-Length: 26' -H 'Content-Type: application/json' -d '{"name": "Steven Alvarez"}' http://192.168.0.104:8001/groups/
[2026-04-02 19:08:15,796] - [INFO] - Response status code: 403, elapsed_time= '0:00:00.015020' 
 {
  "detail": "Access denied"
}

[2026-04-02 19:12:22,389] - [INFO] - Request: curl -X GET -H 'User-Agent: python-requests/2.33.1' -H 'Accept-Encoding: gzip, deflate' -H 'Accept: */*' -H 'Connection: keep-alive' -H 'Content-Length: 28' -H 'Content-Type: application/json' -d '{"name": "Stephanie Walker"}' http://192.168.0.104:8001/groups/
[2026-04-02 19:12:22,390] - [INFO] - Response status code: 403, elapsed_time= '0:00:00.009018' 
 {
  "detail": "Access denied"
}

[2026-04-02 19:12:22,874] - [INFO] - Request: curl -H 'User-Agent: python-requests/2.33.1' -H 'Accept-Encoding: gzip, deflate' -H 'Accept: */*' -H 'Connection: keep-alive' -H 'Content-Length: 166' -H 'Content-Type: application/x-www-form-urlencoded' -d 'username=julia31&password=wwzgi%2AGuw%5E%26%40_Uzc%5E95SZS%286%40Y_f58&password_repeat=wwzgi%2AGuw%5E%26%40_Uzc%5E95SZS%286%40Y_f58&email=figueroadustin%40example.org' http://192.168.0.104:8000/auth/register/
[2026-04-02 19:12:22,874] - [INFO] - Response status code: 201, elapsed_time= '0:00:00.404262' 
 {
  "detail": "User registered"
}

[2026-04-02 19:12:23,314] - [INFO] - Request: curl -H 'User-Agent: python-requests/2.33.1' -H 'Accept-Encoding: gzip, deflate' -H 'Accept: */*' -H 'Connection: keep-alive' -H 'Content-Length: 70' -H 'Content-Type: application/x-www-form-urlencoded' -d 'username=julia31&password=wwzgi%2AGuw%5E%26%40_Uzc%5E95SZS%286%40Y_f58' http://192.168.0.104:8000/auth/login/
[2026-04-02 19:12:23,314] - [INFO] - Response status code: 200, elapsed_time= '0:00:00.438621' 
 {
  "access_token": "eyJhbGciOiJSUzI1NiIsInR5cCI6IkpXVCJ9.eyJzdWIiOjIyLCJ1c2VybmFtZSI6Imp1bGlhMzEiLCJleHAiOjE3NzUxNTM1NDMsImlhdCI6MTc3NTE0NjM0M30.cLGTx2tAA2SYPDurhorrZdFNFKo4_uBsHRZdIxSVIJiMDkBzpLf3NN6gy9ZyS8FjyM98_6FFNQUSYK6C4o_xY-VfobC4A0T8xTXxI_m95pM7LD9HpwWs1XPn0iCv8Vywvf3Oof-vAd0NTdI1j_BNf42MaEPzfyIaS3JgH40321l0vi4DEXbBgJJZrBitjhwX69Vr9S1ZrrrzxkCjDcaU0rH-szSBV9iISEwutrUiU63MAZwHOxUlRpnmK82RUOfjzQDrGo-o8ZyOhUzl6AN63Ic4pXctWDZ8GfDfZJ3W9-c04lLU5XyNC57tCR8eyrCdGTsfj-zuLANNv_e6CRjGag",
  "token_type": "Bearer"
}

[2026-04-02 19:12:23,315] - [INFO] - ### Step 1. Create group
[2026-04-02 19:12:23,334] - [INFO] - Request: curl -X GET -H 'User-Agent: python-requests/2.33.1' -H 'Accept-Encoding: gzip, deflate' -H 'Accept: */*' -H 'Connection: keep-alive' -H 'Authorization: Bearer eyJhbGciOiJSUzI1NiIsInR5cCI6IkpXVCJ9.eyJzdWIiOjIyLCJ1c2VybmFtZSI6Imp1bGlhMzEiLCJleHAiOjE3NzUxNTM1NDMsImlhdCI6MTc3NTE0NjM0M30.cLGTx2tAA2SYPDurhorrZdFNFKo4_uBsHRZdIxSVIJiMDkBzpLf3NN6gy9ZyS8FjyM98_6FFNQUSYK6C4o_xY-VfobC4A0T8xTXxI_m95pM7LD9HpwWs1XPn0iCv8Vywvf3Oof-vAd0NTdI1j_BNf42MaEPzfyIaS3JgH40321l0vi4DEXbBgJJZrBitjhwX69Vr9S1ZrrrzxkCjDcaU0rH-szSBV9iISEwutrUiU63MAZwHOxUlRpnmK82RUOfjzQDrGo-o8ZyOhUzl6AN63Ic4pXctWDZ8GfDfZJ3W9-c04lLU5XyNC57tCR8eyrCdGTsfj-zuLANNv_e6CRjGag' -H 'Content-Length: 25' -H 'Content-Type: application/json' -d '{"name": "Barbara Blair"}' http://192.168.0.104:8001/groups/
[2026-04-02 19:12:23,334] - [INFO] - Response status code: 200, elapsed_time= '0:00:00.017809' 
 [
  {
    "name": "David Estrada",
    "id": 1
  },
  {
    "name": "Steven Jones",
    "id": 2
  },
  {
    "name": "Andrea Reid",
    "id": 3
  }
]

[2026-04-03 16:17:29,682] - [INFO] - Request: curl -X GET -H 'User-Agent: python-requests/2.33.1' -H 'Accept-Encoding: gzip, deflate' -H 'Accept: */*' -H 'Connection: keep-alive' -H 'Content-Length: 26' -H 'Content-Type: application/json' -d '{"name": "Denise Ferrell"}' http://192.168.0.104:8001/groups/
[2026-04-03 16:17:29,683] - [INFO] - Response status code: 403, elapsed_time= '0:00:00.008227' 
 {
  "detail": "Access denied"
}

[2026-04-03 16:17:30,177] - [INFO] - Request: curl -H 'User-Agent: python-requests/2.33.1' -H 'Accept-Encoding: gzip, deflate' -H 'Accept: */*' -H 'Connection: keep-alive' -H 'Content-Length: 161' -H 'Content-Type: application/x-www-form-urlencoded' -d 'username=ericcisneros&password=%2B59asZ%29cOw3%5E%2B1KNw%23V5Jfsc%24w82ZM&password_repeat=%2B59asZ%29cOw3%5E%2B1KNw%23V5Jfsc%24w82ZM&email=ballison%40example.com' http://192.168.0.104:8000/auth/register/
[2026-04-03 16:17:30,177] - [INFO] - Response status code: 201, elapsed_time= '0:00:00.402845' 
 {
  "detail": "User registered"
}

[2026-04-03 16:17:30,612] - [INFO] - Request: curl -H 'User-Agent: python-requests/2.33.1' -H 'Accept-Encoding: gzip, deflate' -H 'Accept: */*' -H 'Connection: keep-alive' -H 'Content-Length: 73' -H 'Content-Type: application/x-www-form-urlencoded' -d 'username=ericcisneros&password=%2B59asZ%29cOw3%5E%2B1KNw%23V5Jfsc%24w82ZM' http://192.168.0.104:8000/auth/login/
[2026-04-03 16:17:30,612] - [INFO] - Response status code: 200, elapsed_time= '0:00:00.433901' 
 {
  "access_token": "eyJhbGciOiJSUzI1NiIsInR5cCI6IkpXVCJ9.eyJzdWIiOjIzLCJ1c2VybmFtZSI6ImVyaWNjaXNuZXJvcyIsImV4cCI6MTc3NTIyOTQ1MCwiaWF0IjoxNzc1MjIyMjUwfQ.eK0HGf1gDQJpMJLkrGxxMQx7txDwJhL7avD8toBqb74BAzWy_WrZDT36VS6FoiYYiInuPPehMLjEe5XNpmTmncbQokVXFlC3o-zhKhJDIYH-lXFZEN9k590nAx0BLhni_NuZAR8K5e3wMEWfxi2kyVcqYuZ_dlhHQ2XagKG4wEKdD5CN80MaQk28Ycml6JhWX9NOI3nUfI-w1NrfBn27Dsry-aKUciTak-dJ1fSsZf1D7Tv-cEpMgDnZaVU6XKwKyAIsKOIqmefQhBH2oxqghLcRMRqp4S08XSfq8DN0rCB54wG28eDsSt5uw8TlCEOz6vdNgLg8nrRj7nbFe72jAA",
  "token_type": "Bearer"
}

[2026-04-03 16:17:30,613] - [INFO] - ### Step 1. Create group
[2026-04-03 16:17:30,631] - [INFO] - Request: curl -X GET -H 'User-Agent: python-requests/2.33.1' -H 'Accept-Encoding: gzip, deflate' -H 'Accept: */*' -H 'Connection: keep-alive' -H 'Authorization: Bearer eyJhbGciOiJSUzI1NiIsInR5cCI6IkpXVCJ9.eyJzdWIiOjIzLCJ1c2VybmFtZSI6ImVyaWNjaXNuZXJvcyIsImV4cCI6MTc3NTIyOTQ1MCwiaWF0IjoxNzc1MjIyMjUwfQ.eK0HGf1gDQJpMJLkrGxxMQx7txDwJhL7avD8toBqb74BAzWy_WrZDT36VS6FoiYYiInuPPehMLjEe5XNpmTmncbQokVXFlC3o-zhKhJDIYH-lXFZEN9k590nAx0BLhni_NuZAR8K5e3wMEWfxi2kyVcqYuZ_dlhHQ2XagKG4wEKdD5CN80MaQk28Ycml6JhWX9NOI3nUfI-w1NrfBn27Dsry-aKUciTak-dJ1fSsZf1D7Tv-cEpMgDnZaVU6XKwKyAIsKOIqmefQhBH2oxqghLcRMRqp4S08XSfq8DN0rCB54wG28eDsSt5uw8TlCEOz6vdNgLg8nrRj7nbFe72jAA' -H 'Content-Length: 21' -H 'Content-Type: application/json' -d '{"name": "Danny Ray"}' http://192.168.0.104:8001/groups/
[2026-04-03 16:17:30,632] - [INFO] - Response status code: 200, elapsed_time= '0:00:00.017848' 
 [
  {
    "name": "David Estrada",
    "id": 1
  },
  {
    "name": "Steven Jones",
    "id": 2
  },
  {
    "name": "Andrea Reid",
    "id": 3
  }
]

[2026-04-03 16:21:37,461] - [INFO] - Request: curl -X GET -H 'User-Agent: python-requests/2.33.1' -H 'Accept-Encoding: gzip, deflate' -H 'Accept: */*' -H 'Connection: keep-alive' -H 'Content-Length: 27' -H 'Content-Type: application/json' -d '{"name": "Kimberly Lester"}' http://192.168.0.104:8001/groups/
[2026-04-03 16:21:37,462] - [INFO] - Response status code: 403, elapsed_time= '0:00:00.007686' 
 {
  "detail": "Access denied"
}

[2026-04-03 16:21:37,948] - [INFO] - Request: curl -H 'User-Agent: python-requests/2.33.1' -H 'Accept-Encoding: gzip, deflate' -H 'Accept: */*' -H 'Connection: keep-alive' -H 'Content-Length: 159' -H 'Content-Type: application/x-www-form-urlencoded' -d 'username=paulmyers&password=bgBAd%2B1bSx%5E0aQ%24V%2AkA%40sYBYLWcj8L&password_repeat=bgBAd%2B1bSx%5E0aQ%24V%2AkA%40sYBYLWcj8L&email=courtneybrown%40example.net' http://192.168.0.104:8000/auth/register/
[2026-04-03 16:21:37,948] - [INFO] - Response status code: 201, elapsed_time= '0:00:00.402311' 
 {
  "detail": "User registered"
}

[2026-04-03 16:21:38,394] - [INFO] - Request: curl -H 'User-Agent: python-requests/2.33.1' -H 'Accept-Encoding: gzip, deflate' -H 'Accept: */*' -H 'Connection: keep-alive' -H 'Content-Length: 68' -H 'Content-Type: application/x-www-form-urlencoded' -d 'username=paulmyers&password=bgBAd%2B1bSx%5E0aQ%24V%2AkA%40sYBYLWcj8L' http://192.168.0.104:8000/auth/login/
[2026-04-03 16:21:38,394] - [INFO] - Response status code: 200, elapsed_time= '0:00:00.443570' 
 {
  "access_token": "eyJhbGciOiJSUzI1NiIsInR5cCI6IkpXVCJ9.eyJzdWIiOjI0LCJ1c2VybmFtZSI6InBhdWxteWVycyIsImV4cCI6MTc3NTIyOTY5OCwiaWF0IjoxNzc1MjIyNDk4fQ.mBBGvXdhOkNyx6TzMUgDiWinKWe8tY4BncKEhUPpA6AFlcC9-FD6kzgQ3pzdV4FLpwCtSmif7tWDIOfxl-XFPA_aTMPnaI08LP4kpA7WeMH8ZfdYNi2b1sCzH9fmGf_DEMOALm0o90pEP8YL_40AO3PiVAFoRenWLNyRL6o7CMaI5NHzWJvzveK_Snxytmqmh2sjafpef-Q92-cbWk1BE32wJm8CPHlOZMn99cL-Wd-JeO4-x026FZDNOytofxaT7XuFtyLYweZV5o8bZbKnVKhBzT67mEVvQxdP-LU4On1_UJnXz8yw_N1PMkHi2RU4sQig2EVFjlmUp8zSmWZrTg",
  "token_type": "Bearer"
}

[2026-04-03 16:21:38,395] - [INFO] - ### Step 1. Create group
[2026-04-03 16:21:38,416] - [INFO] - Request: curl -X GET -H 'User-Agent: python-requests/2.33.1' -H 'Accept-Encoding: gzip, deflate' -H 'Accept: */*' -H 'Connection: keep-alive' -H 'Authorization: Bearer eyJhbGciOiJSUzI1NiIsInR5cCI6IkpXVCJ9.eyJzdWIiOjI0LCJ1c2VybmFtZSI6InBhdWxteWVycyIsImV4cCI6MTc3NTIyOTY5OCwiaWF0IjoxNzc1MjIyNDk4fQ.mBBGvXdhOkNyx6TzMUgDiWinKWe8tY4BncKEhUPpA6AFlcC9-FD6kzgQ3pzdV4FLpwCtSmif7tWDIOfxl-XFPA_aTMPnaI08LP4kpA7WeMH8ZfdYNi2b1sCzH9fmGf_DEMOALm0o90pEP8YL_40AO3PiVAFoRenWLNyRL6o7CMaI5NHzWJvzveK_Snxytmqmh2sjafpef-Q92-cbWk1BE32wJm8CPHlOZMn99cL-Wd-JeO4-x026FZDNOytofxaT7XuFtyLYweZV5o8bZbKnVKhBzT67mEVvQxdP-LU4On1_UJnXz8yw_N1PMkHi2RU4sQig2EVFjlmUp8zSmWZrTg' -H 'Content-Length: 22' -H 'Content-Type: application/json' -d '{"name": "Brian Shaw"}' http://192.168.0.104:8001/groups/
[2026-04-03 16:21:38,417] - [INFO] - Response status code: 200, elapsed_time= '0:00:00.020170' 
 [
  {
    "name": "David Estrada",
    "id": 1
  },
  {
    "name": "Steven Jones",
    "id": 2
  },
  {
    "name": "Andrea Reid",
    "id": 3
  }
]

[2026-04-03 16:22:55,361] - [INFO] - Request: curl -X GET -H 'User-Agent: python-requests/2.33.1' -H 'Accept-Encoding: gzip, deflate' -H 'Accept: */*' -H 'Connection: keep-alive' -H 'Content-Length: 24' -H 'Content-Type: application/json' -d '{"name": "Ashley Mason"}' http://192.168.0.104:8001/groups/
[2026-04-03 16:22:55,361] - [INFO] - Response status code: 403, elapsed_time= '0:00:00.012620' 
 {
  "detail": "Access denied"
}

[2026-04-03 16:22:55,848] - [INFO] - Request: curl -H 'User-Agent: python-requests/2.33.1' -H 'Accept-Encoding: gzip, deflate' -H 'Accept: */*' -H 'Connection: keep-alive' -H 'Content-Length: 157' -H 'Content-Type: application/x-www-form-urlencoded' -d 'username=kevin81&password=F%231EW%23YMh%25h6aBq%2BXj8Ly%26CJo%24hB1A&password_repeat=F%231EW%23YMh%25h6aBq%2BXj8Ly%26CJo%24hB1A&email=richard54%40example.net' http://192.168.0.104:8000/auth/register/
[2026-04-03 16:22:55,848] - [INFO] - Response status code: 201, elapsed_time= '0:00:00.401673' 
 {
  "detail": "User registered"
}

[2026-04-03 16:22:56,284] - [INFO] - Request: curl -H 'User-Agent: python-requests/2.33.1' -H 'Accept-Encoding: gzip, deflate' -H 'Accept: */*' -H 'Connection: keep-alive' -H 'Content-Length: 68' -H 'Content-Type: application/x-www-form-urlencoded' -d 'username=kevin81&password=F%231EW%23YMh%25h6aBq%2BXj8Ly%26CJo%24hB1A' http://192.168.0.104:8000/auth/login/
[2026-04-03 16:22:56,284] - [INFO] - Response status code: 200, elapsed_time= '0:00:00.434517' 
 {
  "access_token": "eyJhbGciOiJSUzI1NiIsInR5cCI6IkpXVCJ9.eyJzdWIiOjI1LCJ1c2VybmFtZSI6ImtldmluODEiLCJleHAiOjE3NzUyMjk3NzYsImlhdCI6MTc3NTIyMjU3Nn0.fU64TzC9eirUYGnpBIV7OJKulK0RLZJY28klBEvcUGF5cIF6mpCJtwVHR_pqI1lbrpWl7q3cUkv-k3OhotWitqin871CWTrGoNn0qD2z7aCi6QaTr926isa1aAdjOEtVfOUCu8zIb3FXZVTCb0XXYtieqIicgdFFfO4ueI5H7PhZnBdRhPyBCT5BPoucpN_E29hg9i2xRiZH77lS2Lbs4L6I_GIIJIFOrKGMLBeBlUVtcLUZGYABzTrcQ21r9XmEhnaog036a4SUnYphTZABRLdQFinhi4ejhqBxpiWDEBCb-VQLiU1gXmRVCcre-L0Lm2DrN0iPbrP6McffGmEtHg",
  "token_type": "Bearer"
}

[2026-04-03 16:22:56,285] - [INFO] - ### Step 1. Create group
[2026-04-03 16:22:56,303] - [INFO] - Request: curl -X GET -H 'User-Agent: python-requests/2.33.1' -H 'Accept-Encoding: gzip, deflate' -H 'Accept: */*' -H 'Connection: keep-alive' -H 'Authorization: Bearer eyJhbGciOiJSUzI1NiIsInR5cCI6IkpXVCJ9.eyJzdWIiOjI1LCJ1c2VybmFtZSI6ImtldmluODEiLCJleHAiOjE3NzUyMjk3NzYsImlhdCI6MTc3NTIyMjU3Nn0.fU64TzC9eirUYGnpBIV7OJKulK0RLZJY28klBEvcUGF5cIF6mpCJtwVHR_pqI1lbrpWl7q3cUkv-k3OhotWitqin871CWTrGoNn0qD2z7aCi6QaTr926isa1aAdjOEtVfOUCu8zIb3FXZVTCb0XXYtieqIicgdFFfO4ueI5H7PhZnBdRhPyBCT5BPoucpN_E29hg9i2xRiZH77lS2Lbs4L6I_GIIJIFOrKGMLBeBlUVtcLUZGYABzTrcQ21r9XmEhnaog036a4SUnYphTZABRLdQFinhi4ejhqBxpiWDEBCb-VQLiU1gXmRVCcre-L0Lm2DrN0iPbrP6McffGmEtHg' -H 'Content-Length: 31' -H 'Content-Type: application/json' -d '{"name": "Mrs. Margaret Adams"}' http://192.168.0.104:8001/groups/
[2026-04-03 16:22:56,304] - [INFO] - Response status code: 200, elapsed_time= '0:00:00.017809' 
 [
  {
    "name": "David Estrada",
    "id": 1
  },
  {
    "name": "Steven Jones",
    "id": 2
  },
  {
    "name": "Andrea Reid",
    "id": 3
  }
]

[2026-04-04 10:26:57,390] - [INFO] - Request: curl -X GET -H 'User-Agent: python-requests/2.33.1' -H 'Accept-Encoding: gzip, deflate' -H 'Accept: */*' -H 'Connection: keep-alive' -H 'Content-Length: 27' -H 'Content-Type: application/json' -d '{"name": "Michelle Miller"}' http://192.168.0.104:8001/groups/
[2026-04-04 10:26:57,399] - [INFO] - Response status code: 502, elapsed_time= '0:00:00.127343' 
 

[2026-04-04 10:26:57,632] - [INFO] - Request: curl -H 'User-Agent: python-requests/2.33.1' -H 'Accept-Encoding: gzip, deflate' -H 'Accept: */*' -H 'Connection: keep-alive' -H 'Content-Length: 144' -H 'Content-Type: application/x-www-form-urlencoded' -d 'username=maria79&password=%40w3gWZTvMSXG0ONfjMkMBy7Zqi%247nD&password_repeat=%40w3gWZTvMSXG0ONfjMkMBy7Zqi%247nD&email=nicoletorres%40example.com' http://192.168.0.104:8000/auth/register/
[2026-04-04 10:26:57,632] - [INFO] - Response status code: 502, elapsed_time= '0:00:00.135527' 
 

[2026-04-04 10:26:57,850] - [INFO] - Request: curl -H 'User-Agent: python-requests/2.33.1' -H 'Accept-Encoding: gzip, deflate' -H 'Accept: */*' -H 'Connection: keep-alive' -H 'Content-Length: 137' -H 'Content-Type: application/x-www-form-urlencoded' -d 'username=zgreen&password=r%40uDWalY%259XgaCQ4Coj5ym4tSi96y5&password_repeat=r%40uDWalY%259XgaCQ4Coj5ym4tSi96y5&email=bwells%40example.org' http://192.168.0.104:8000/auth/register/
[2026-04-04 10:26:57,851] - [INFO] - Response status code: 502, elapsed_time= '0:00:00.134775' 
 

[2026-04-04 10:37:55,785] - [INFO] - Request: curl -X GET -H 'User-Agent: python-requests/2.33.1' -H 'Accept-Encoding: gzip, deflate' -H 'Accept: */*' -H 'Connection: keep-alive' -H 'Content-Length: 24' -H 'Content-Type: application/json' -d '{"name": "Erica Palmer"}' http://192.168.0.104:8001/groups/
[2026-04-04 10:37:55,785] - [INFO] - Response status code: 502, elapsed_time= '0:00:00.137839' 
 

[2026-04-04 10:37:55,997] - [INFO] - Request: curl -H 'User-Agent: python-requests/2.33.1' -H 'Accept-Encoding: gzip, deflate' -H 'Accept: */*' -H 'Connection: keep-alive' -H 'Content-Length: 157' -H 'Content-Type: application/x-www-form-urlencoded' -d 'username=alvarezmackenzie&password=ZSK%23pc%28dkCE_cQrq%4027fSwK2S%2B5fZG&password_repeat=ZSK%23pc%28dkCE_cQrq%4027fSwK2S%2B5fZG&email=sheila39%40example.org' http://192.168.0.104:8000/auth/register/
[2026-04-04 10:37:55,997] - [INFO] - Response status code: 502, elapsed_time= '0:00:00.130403' 
 

[2026-04-04 10:37:56,167] - [INFO] - Request: curl -H 'User-Agent: python-requests/2.33.1' -H 'Accept-Encoding: gzip, deflate' -H 'Accept: */*' -H 'Connection: keep-alive' -H 'Content-Length: 150' -H 'Content-Type: application/x-www-form-urlencoded' -d 'username=pkane&password=TBBiuAnQWY2641%25_%26%248ZLpNlQK%2Bi5d&password_repeat=TBBiuAnQWY2641%25_%26%248ZLpNlQK%2Bi5d&email=combsjessica%40example.net' http://192.168.0.104:8000/auth/register/
[2026-04-04 10:37:56,167] - [INFO] - Response status code: 502, elapsed_time= '0:00:00.139459' 
 

[2026-04-04 10:39:11,879] - [INFO] - Request: curl -X GET -H 'User-Agent: python-requests/2.33.1' -H 'Accept-Encoding: gzip, deflate' -H 'Accept: */*' -H 'Connection: keep-alive' -H 'Content-Length: 29' -H 'Content-Type: application/json' -d '{"name": "Christopher Ayala"}' http://192.168.0.104:8001/groups/
[2026-04-04 10:39:11,879] - [INFO] - Response status code: 403, elapsed_time= '0:00:00.006104' 
 {
  "detail": "Access denied"
}

[2026-04-04 10:39:12,412] - [INFO] - Request: curl -H 'User-Agent: python-requests/2.33.1' -H 'Accept-Encoding: gzip, deflate' -H 'Accept: */*' -H 'Connection: keep-alive' -H 'Content-Length: 148' -H 'Content-Type: application/x-www-form-urlencoded' -d 'username=meganbarrett&password=A9NGelpqr%230WEG%40vQM%26xVtlJ101jMh&password_repeat=A9NGelpqr%230WEG%40vQM%26xVtlJ101jMh&email=cmurray%40example.com' http://192.168.0.104:8000/auth/register/
[2026-04-04 10:39:12,412] - [INFO] - Response status code: 201, elapsed_time= '0:00:00.406398' 
 {
  "detail": "User registered"
}

[2026-04-04 10:39:12,921] - [INFO] - Request: curl -H 'User-Agent: python-requests/2.33.1' -H 'Accept-Encoding: gzip, deflate' -H 'Accept: */*' -H 'Connection: keep-alive' -H 'Content-Length: 67' -H 'Content-Type: application/x-www-form-urlencoded' -d 'username=meganbarrett&password=A9NGelpqr%230WEG%40vQM%26xVtlJ101jMh' http://192.168.0.104:8000/auth/login/
[2026-04-04 10:39:12,921] - [INFO] - Response status code: 200, elapsed_time= '0:00:00.446246' 
 {
  "access_token": "eyJhbGciOiJSUzI1NiIsInR5cCI6IkpXVCJ9.eyJzdWIiOjI2LCJ1c2VybmFtZSI6Im1lZ2FuYmFycmV0dCIsImV4cCI6MTc3NTI5NTU1MiwiaWF0IjoxNzc1Mjg4MzUyfQ.QFLnahq8uo2IAOicJUdNAfELC6mcfSy-SODg27AV7MoUL0fSM6gbYq1GscpK4MNrkPLlKLSoXDyY02hfxRimf5o8jBHRyPGmUFZsLnVm9PfKu2yCYlKFMilNalKKgIYV-5wTGb00VAdtq9qBt-s0077lrgz8NvEk7akjvtg4dvXj39SdghiTaCfiwdo-D86zGEZhB7dmUrF4JEn106uLCoGOIavmajzRqSzxFpiCpGfNauYoQusgGJAlFzPCvLkfEkPeu9Z_vKJSCvZQg2UwWOkeUxvDs9yeG66OQrUrvmQNsDt4r49adoLj1Q6gbQJv4iw55aP2yw3tyM9UnbHhhQ",
  "token_type": "Bearer"
}

[2026-04-04 10:39:12,922] - [INFO] - ### Step 1. Create group
[2026-04-04 10:39:12,994] - [INFO] - Request: curl -X GET -H 'User-Agent: python-requests/2.33.1' -H 'Accept-Encoding: gzip, deflate' -H 'Accept: */*' -H 'Connection: keep-alive' -H 'Authorization: Bearer eyJhbGciOiJSUzI1NiIsInR5cCI6IkpXVCJ9.eyJzdWIiOjI2LCJ1c2VybmFtZSI6Im1lZ2FuYmFycmV0dCIsImV4cCI6MTc3NTI5NTU1MiwiaWF0IjoxNzc1Mjg4MzUyfQ.QFLnahq8uo2IAOicJUdNAfELC6mcfSy-SODg27AV7MoUL0fSM6gbYq1GscpK4MNrkPLlKLSoXDyY02hfxRimf5o8jBHRyPGmUFZsLnVm9PfKu2yCYlKFMilNalKKgIYV-5wTGb00VAdtq9qBt-s0077lrgz8NvEk7akjvtg4dvXj39SdghiTaCfiwdo-D86zGEZhB7dmUrF4JEn106uLCoGOIavmajzRqSzxFpiCpGfNauYoQusgGJAlFzPCvLkfEkPeu9Z_vKJSCvZQg2UwWOkeUxvDs9yeG66OQrUrvmQNsDt4r49adoLj1Q6gbQJv4iw55aP2yw3tyM9UnbHhhQ' -H 'Content-Length: 22' -H 'Content-Type: application/json' -d '{"name": "Bryan Owen"}' http://192.168.0.104:8001/groups/
[2026-04-04 10:39:12,994] - [INFO] - Response status code: 200, elapsed_time= '0:00:00.020665' 
 [
  {
    "name": "David Estrada",
    "id": 1
  },
  {
    "name": "Steven Jones",
    "id": 2
  },
  {
    "name": "Andrea Reid",
    "id": 3
  }
]

[2026-04-04 10:39:13,482] - [INFO] - Request: curl -H 'User-Agent: python-requests/2.33.1' -H 'Accept-Encoding: gzip, deflate' -H 'Accept: */*' -H 'Connection: keep-alive' -H 'Content-Length: 150' -H 'Content-Type: application/x-www-form-urlencoded' -d 'username=jennifer65&password=vN3%5EKHZkacP%24mj7Kkt%28M7C%29uFA3Y6Y&password_repeat=vN3%5EKHZkacP%24mj7Kkt%28M7C%29uFA3Y6Y&email=sandy96%40example.org' http://192.168.0.104:8000/auth/register/
[2026-04-04 10:39:13,482] - [INFO] - Response status code: 201, elapsed_time= '0:00:00.406701' 
 {
  "detail": "User registered"
}

[2026-04-04 10:39:13,968] - [INFO] - Request: curl -H 'User-Agent: python-requests/2.33.1' -H 'Accept-Encoding: gzip, deflate' -H 'Accept: */*' -H 'Connection: keep-alive' -H 'Content-Length: 67' -H 'Content-Type: application/x-www-form-urlencoded' -d 'username=jennifer65&password=vN3%5EKHZkacP%24mj7Kkt%28M7C%29uFA3Y6Y' http://192.168.0.104:8000/auth/login/
[2026-04-04 10:39:13,969] - [INFO] - Response status code: 200, elapsed_time= '0:00:00.439862' 
 {
  "access_token": "eyJhbGciOiJSUzI1NiIsInR5cCI6IkpXVCJ9.eyJzdWIiOjI3LCJ1c2VybmFtZSI6Implbm5pZmVyNjUiLCJleHAiOjE3NzUyOTU1NTMsImlhdCI6MTc3NTI4ODM1M30.FKb-ZHKgu4QHIwcWphsvlzZYM_ExT-5SUhbh_f1vA2wyfAb_YV3_bibctptGEZyBqR7ikQ0EhI4pS5jyktFT24hroVH0kB6vJLdSuzApKK24MoGBJlqukcHROhCdOLkuKG3Ae3Bsc4UFIyE4unkD0lx4l0rmxMfPE2yiHCP6t2KYA2ev8oJEvUpxBcdIax77kLDD1pEJFeEJs2-5IGUjj-a2GzAIGA6xwsTjvS-nugHesT1WhaipfXMnwIqypn2sSGtS8_RGyVYY0cnq6SagehkRAguv73v-PXcpiUAoNwWPemnlNUBI-w4EoBhjVaBhQorogaBFIsEPkcDIjJyZaA",
  "token_type": "Bearer"
}

[2026-04-04 10:39:14,048] - [INFO] - Request: curl -H 'User-Agent: python-requests/2.33.1' -H 'Accept-Encoding: gzip, deflate' -H 'Accept: */*' -H 'Connection: keep-alive' -H 'Authorization: Bearer eyJhbGciOiJSUzI1NiIsInR5cCI6IkpXVCJ9.eyJzdWIiOjI3LCJ1c2VybmFtZSI6Implbm5pZmVyNjUiLCJleHAiOjE3NzUyOTU1NTMsImlhdCI6MTc3NTI4ODM1M30.FKb-ZHKgu4QHIwcWphsvlzZYM_ExT-5SUhbh_f1vA2wyfAb_YV3_bibctptGEZyBqR7ikQ0EhI4pS5jyktFT24hroVH0kB6vJLdSuzApKK24MoGBJlqukcHROhCdOLkuKG3Ae3Bsc4UFIyE4unkD0lx4l0rmxMfPE2yiHCP6t2KYA2ev8oJEvUpxBcdIax77kLDD1pEJFeEJs2-5IGUjj-a2GzAIGA6xwsTjvS-nugHesT1WhaipfXMnwIqypn2sSGtS8_RGyVYY0cnq6SagehkRAguv73v-PXcpiUAoNwWPemnlNUBI-w4EoBhjVaBhQorogaBFIsEPkcDIjJyZaA' -H 'Content-Length: 78' -H 'Content-Type: application/json' -d '{"first_name": "Lisa", "last_name": "Parker", "subject": "Probability Theory"}' http://192.168.0.104:8001/teachers/
[2026-04-04 10:39:14,048] - [INFO] - Response status code: 422, elapsed_time= '0:00:00.034512' 
 {
  "detail": [
    {
      "type": "enum",
      "loc": [
        "body",
        "subject"
      ],
      "msg": "Input should be 'Mathematics', 'Physics', 'History', 'Biology' or 'Geography'",
      "input": "Probability Theory",
      "ctx": {
        "expected": "'Mathematics', 'Physics', 'History', 'Biology' or 'Geography'"
      }
    }
  ]
}

[2026-04-04 10:43:54,706] - [INFO] - Request: curl -X GET -H 'User-Agent: python-requests/2.33.1' -H 'Accept-Encoding: gzip, deflate' -H 'Accept: */*' -H 'Connection: keep-alive' -H 'Content-Length: 28' -H 'Content-Type: application/json' -d '{"name": "Aaron Cunningham"}' http://192.168.0.104:8001/groups/
[2026-04-04 10:43:54,706] - [INFO] - Response status code: 403, elapsed_time= '0:00:00.007424' 
 {
  "detail": "Access denied"
}

[2026-04-04 10:43:55,256] - [INFO] - Request: curl -H 'User-Agent: python-requests/2.33.1' -H 'Accept-Encoding: gzip, deflate' -H 'Accept: */*' -H 'Connection: keep-alive' -H 'Content-Length: 157' -H 'Content-Type: application/x-www-form-urlencoded' -d 'username=catherinewilliams&password=J723ZsHdE%5E7rb8%25%2BZ63st7qhF%23nn_r&password_repeat=J723ZsHdE%5E7rb8%25%2BZ63st7qhF%23nn_r&email=yguzman%40example.net' http://192.168.0.104:8000/auth/register/
[2026-04-04 10:43:55,256] - [INFO] - Response status code: 201, elapsed_time= '0:00:00.413161' 
 {
  "detail": "User registered"
}

[2026-04-04 10:43:55,742] - [INFO] - Request: curl -H 'User-Agent: python-requests/2.33.1' -H 'Accept-Encoding: gzip, deflate' -H 'Accept: */*' -H 'Connection: keep-alive' -H 'Content-Length: 74' -H 'Content-Type: application/x-www-form-urlencoded' -d 'username=catherinewilliams&password=J723ZsHdE%5E7rb8%25%2BZ63st7qhF%23nn_r' http://192.168.0.104:8000/auth/login/
[2026-04-04 10:43:55,742] - [INFO] - Response status code: 200, elapsed_time= '0:00:00.442122' 
 {
  "access_token": "eyJhbGciOiJSUzI1NiIsInR5cCI6IkpXVCJ9.eyJzdWIiOjI4LCJ1c2VybmFtZSI6ImNhdGhlcmluZXdpbGxpYW1zIiwiZXhwIjoxNzc1Mjk1ODM1LCJpYXQiOjE3NzUyODg2MzV9.gJ8N8h5G8ndqbGCP4hu01RzC_JvzEOr9d_hpHn2jxi95vf-wyChDb6U5JvO3-ygRkVNfNQutUPifRQiKEq8_wNg4R268QbFeGnkBs54V1-DxBUkdLBmSyKtiF9_YciAFklP9_KInZgcuqGhn-_yJ26rl5Q0QEwiwPWRUKM6Qjzd4dN5p-i7MhkVEVatXSWbk1SeN6B_aJ5c2m8_6cq9HVl6wRyeZ0h1JOLFsh0nuArAf7Qn_SfyrznTg1yanCf90HzVjPblhETsY3dv8xBtlHJLm7ZPc2xcU_nGTKYwbwqwlqUC9yCM3kCyAKA4zTThWtXp1W9NPWH7-HQAAlAGnHA",
  "token_type": "Bearer"
}

[2026-04-04 10:43:55,743] - [INFO] - ### Step 1. Create group
[2026-04-04 10:43:55,821] - [INFO] - Request: curl -X GET -H 'User-Agent: python-requests/2.33.1' -H 'Accept-Encoding: gzip, deflate' -H 'Accept: */*' -H 'Connection: keep-alive' -H 'Authorization: Bearer eyJhbGciOiJSUzI1NiIsInR5cCI6IkpXVCJ9.eyJzdWIiOjI4LCJ1c2VybmFtZSI6ImNhdGhlcmluZXdpbGxpYW1zIiwiZXhwIjoxNzc1Mjk1ODM1LCJpYXQiOjE3NzUyODg2MzV9.gJ8N8h5G8ndqbGCP4hu01RzC_JvzEOr9d_hpHn2jxi95vf-wyChDb6U5JvO3-ygRkVNfNQutUPifRQiKEq8_wNg4R268QbFeGnkBs54V1-DxBUkdLBmSyKtiF9_YciAFklP9_KInZgcuqGhn-_yJ26rl5Q0QEwiwPWRUKM6Qjzd4dN5p-i7MhkVEVatXSWbk1SeN6B_aJ5c2m8_6cq9HVl6wRyeZ0h1JOLFsh0nuArAf7Qn_SfyrznTg1yanCf90HzVjPblhETsY3dv8xBtlHJLm7ZPc2xcU_nGTKYwbwqwlqUC9yCM3kCyAKA4zTThWtXp1W9NPWH7-HQAAlAGnHA' -H 'Content-Length: 25' -H 'Content-Type: application/json' -d '{"name": "Marissa Lewis"}' http://192.168.0.104:8001/groups/
[2026-04-04 10:43:55,821] - [INFO] - Response status code: 200, elapsed_time= '0:00:00.028391' 
 [
  {
    "name": "David Estrada",
    "id": 1
  },
  {
    "name": "Steven Jones",
    "id": 2
  },
  {
    "name": "Andrea Reid",
    "id": 3
  }
]

[2026-04-04 10:43:56,301] - [INFO] - Request: curl -H 'User-Agent: python-requests/2.33.1' -H 'Accept-Encoding: gzip, deflate' -H 'Accept: */*' -H 'Connection: keep-alive' -H 'Content-Length: 156' -H 'Content-Type: application/x-www-form-urlencoded' -d 'username=ykelly&password=G3_%28g8T19%24%5Eb%29LLoo1pY02%28F%25_sYgA&password_repeat=G3_%28g8T19%24%5Eb%29LLoo1pY02%28F%25_sYgA&email=barbara18%40example.org' http://192.168.0.104:8000/auth/register/
[2026-04-04 10:43:56,302] - [INFO] - Response status code: 201, elapsed_time= '0:00:00.429049' 
 {
  "detail": "User registered"
}

[2026-04-04 10:43:56,809] - [INFO] - Request: curl -H 'User-Agent: python-requests/2.33.1' -H 'Accept-Encoding: gzip, deflate' -H 'Accept: */*' -H 'Connection: keep-alive' -H 'Content-Length: 67' -H 'Content-Type: application/x-www-form-urlencoded' -d 'username=ykelly&password=G3_%28g8T19%24%5Eb%29LLoo1pY02%28F%25_sYgA' http://192.168.0.104:8000/auth/login/
[2026-04-04 10:43:56,809] - [INFO] - Response status code: 200, elapsed_time= '0:00:00.447255' 
 {
  "access_token": "eyJhbGciOiJSUzI1NiIsInR5cCI6IkpXVCJ9.eyJzdWIiOjI5LCJ1c2VybmFtZSI6InlrZWxseSIsImV4cCI6MTc3NTI5NTgzNiwiaWF0IjoxNzc1Mjg4NjM2fQ.T7In9-z9H1i31Iz8tf7Xa6DL7OcRbiSEuFOzAdMp035Fb1zMKNB_ABqicbxboLjjxhjsQ9VaLjRoCDxAHbFi14vcZc103vt1BuFTrP9d_lWegz16BvQPR2HlgvESmKGbmAEHGFghZ097up0GxOHibslsaGDD7KO7lfrnCBy8MsWBI4sEH6Vw6Cvf41Y-pGDp9uBdlWP3LQF3yLDedV-Wfx9VzPWUEajJJT54zl1DM7TL3jIeijWCWc1nJ7YG3HkBCKM0JKP5lo0r8bUEeMfORqcTuqNg-MfzrW1qPNSAdCjZR0tPMNzVX8xOZdoUw-wuY9t18CkrNho3-tWeoiOy8w",
  "token_type": "Bearer"
}

[2026-04-04 10:43:56,880] - [INFO] - Request: curl -H 'User-Agent: python-requests/2.33.1' -H 'Accept-Encoding: gzip, deflate' -H 'Accept: */*' -H 'Connection: keep-alive' -H 'Authorization: Bearer eyJhbGciOiJSUzI1NiIsInR5cCI6IkpXVCJ9.eyJzdWIiOjI5LCJ1c2VybmFtZSI6InlrZWxseSIsImV4cCI6MTc3NTI5NTgzNiwiaWF0IjoxNzc1Mjg4NjM2fQ.T7In9-z9H1i31Iz8tf7Xa6DL7OcRbiSEuFOzAdMp035Fb1zMKNB_ABqicbxboLjjxhjsQ9VaLjRoCDxAHbFi14vcZc103vt1BuFTrP9d_lWegz16BvQPR2HlgvESmKGbmAEHGFghZ097up0GxOHibslsaGDD7KO7lfrnCBy8MsWBI4sEH6Vw6Cvf41Y-pGDp9uBdlWP3LQF3yLDedV-Wfx9VzPWUEajJJT54zl1DM7TL3jIeijWCWc1nJ7YG3HkBCKM0JKP5lo0r8bUEeMfORqcTuqNg-MfzrW1qPNSAdCjZR0tPMNzVX8xOZdoUw-wuY9t18CkrNho3-tWeoiOy8w' -H 'Content-Length: 79' -H 'Content-Type: application/json' -d '{"first_name": "James", "last_name": "Acosta", "subject": "Higher Mathematics"}' http://192.168.0.104:8001/teachers/
[2026-04-04 10:43:56,880] - [INFO] - Response status code: 422, elapsed_time= '0:00:00.023106' 
 {
  "detail": [
    {
      "type": "enum",
      "loc": [
        "body",
        "subject"
      ],
      "msg": "Input should be 'Mathematics', 'Physics', 'History', 'Biology' or 'Geography'",
      "input": "Higher Mathematics",
      "ctx": {
        "expected": "'Mathematics', 'Physics', 'History', 'Biology' or 'Geography'"
      }
    }
  ]
}

[2026-04-04 10:45:44,591] - [INFO] - Request: curl -X GET -H 'User-Agent: python-requests/2.33.1' -H 'Accept-Encoding: gzip, deflate' -H 'Accept: */*' -H 'Connection: keep-alive' -H 'Content-Length: 23' -H 'Content-Type: application/json' -d '{"name": "Ralph Watts"}' http://192.168.0.104:8001/groups/
[2026-04-04 10:45:44,592] - [INFO] - Response status code: 502, elapsed_time= '0:00:00.139199' 
 

[2026-04-04 10:45:44,809] - [INFO] - Request: curl -H 'User-Agent: python-requests/2.33.1' -H 'Accept-Encoding: gzip, deflate' -H 'Accept: */*' -H 'Connection: keep-alive' -H 'Content-Length: 176' -H 'Content-Type: application/x-www-form-urlencoded' -d 'username=anthonybrown&password=z%25KAmS%5EJ%280%2B%2A%5EXG%29xBoa3%40jQ%5ES33pr&password_repeat=z%25KAmS%5EJ%280%2B%2A%5EXG%29xBoa3%40jQ%5ES33pr&email=sawyermaria%40example.org' http://192.168.0.104:8000/auth/register/
[2026-04-04 10:45:44,809] - [INFO] - Response status code: 502, elapsed_time= '0:00:00.136283' 
 

[2026-04-04 10:45:44,971] - [INFO] - Request: curl -H 'User-Agent: python-requests/2.33.1' -H 'Accept-Encoding: gzip, deflate' -H 'Accept: */*' -H 'Connection: keep-alive' -H 'Content-Length: 137' -H 'Content-Type: application/x-www-form-urlencoded' -d 'username=jcain&password=z0BiB66o1irkkaER5hf%21AEH%25lGZQzc&password_repeat=z0BiB66o1irkkaER5hf%21AEH%25lGZQzc&email=andre77%40example.com' http://192.168.0.104:8000/auth/register/
[2026-04-04 10:45:44,971] - [INFO] - Response status code: 502, elapsed_time= '0:00:00.136731' 
 

[2026-04-04 10:45:53,268] - [INFO] - Request: curl -X GET -H 'User-Agent: python-requests/2.33.1' -H 'Accept-Encoding: gzip, deflate' -H 'Accept: */*' -H 'Connection: keep-alive' -H 'Content-Length: 28' -H 'Content-Type: application/json' -d '{"name": "Brandon Ryan DDS"}' http://192.168.0.104:8001/groups/
[2026-04-04 10:45:53,269] - [INFO] - Response status code: 403, elapsed_time= '0:00:00.008958' 
 {
  "detail": "Access denied"
}

[2026-04-04 10:45:53,804] - [INFO] - Request: curl -H 'User-Agent: python-requests/2.33.1' -H 'Accept-Encoding: gzip, deflate' -H 'Accept: */*' -H 'Connection: keep-alive' -H 'Content-Length: 151' -H 'Content-Type: application/x-www-form-urlencoded' -d 'username=lbradley&password=OAj2fnWT%2Af%4098ik%21Z%2BUREos2__U%2AAa&password_repeat=OAj2fnWT%2Af%4098ik%21Z%2BUREos2__U%2AAa&email=umarsh%40example.net' http://192.168.0.104:8000/auth/register/
[2026-04-04 10:45:53,805] - [INFO] - Response status code: 201, elapsed_time= '0:00:00.404430' 
 {
  "detail": "User registered"
}

[2026-04-04 10:45:54,307] - [INFO] - Request: curl -H 'User-Agent: python-requests/2.33.1' -H 'Accept-Encoding: gzip, deflate' -H 'Accept: */*' -H 'Connection: keep-alive' -H 'Content-Length: 67' -H 'Content-Type: application/x-www-form-urlencoded' -d 'username=lbradley&password=OAj2fnWT%2Af%4098ik%21Z%2BUREos2__U%2AAa' http://192.168.0.104:8000/auth/login/
[2026-04-04 10:45:54,307] - [INFO] - Response status code: 200, elapsed_time= '0:00:00.445317' 
 {
  "access_token": "eyJhbGciOiJSUzI1NiIsInR5cCI6IkpXVCJ9.eyJzdWIiOjMwLCJ1c2VybmFtZSI6ImxicmFkbGV5IiwiZXhwIjoxNzc1Mjk1OTUzLCJpYXQiOjE3NzUyODg3NTN9.drDf_5r5-bu6rykkspnDeKxUXlrvrjbwuqiboO779qjJveuWLK0aT1LK6G5qFxh-O5tn0GT8IX6JiNb5RLiMm2ZUNgLTwP1iWOqoFiB_5zvprpIPGdUYeOOPQ_JUPSqxYV4iFBsDYWsib7-bTZqiyUExZVOWCLPATHwJErAuasYAQ5iScteA9IkK0Eeh11kZRDylbRzuHUh3x-CF0qmkHxM6rDvqzRCzV1LrZG_IQWKc-wEcyG8-WfVVF9Jlx_YJyx1lccBJGwj3StxUMvMN47bbOw0VBbPKYmhSjrXqLZF5FXlQnpT4d4tkFTdqaPMtVV6NN8dZILhoD0N4w05pXw",
  "token_type": "Bearer"
}

[2026-04-04 10:45:54,308] - [INFO] - ### Step 1. Create group
[2026-04-04 10:45:54,395] - [INFO] - Request: curl -X GET -H 'User-Agent: python-requests/2.33.1' -H 'Accept-Encoding: gzip, deflate' -H 'Accept: */*' -H 'Connection: keep-alive' -H 'Authorization: Bearer eyJhbGciOiJSUzI1NiIsInR5cCI6IkpXVCJ9.eyJzdWIiOjMwLCJ1c2VybmFtZSI6ImxicmFkbGV5IiwiZXhwIjoxNzc1Mjk1OTUzLCJpYXQiOjE3NzUyODg3NTN9.drDf_5r5-bu6rykkspnDeKxUXlrvrjbwuqiboO779qjJveuWLK0aT1LK6G5qFxh-O5tn0GT8IX6JiNb5RLiMm2ZUNgLTwP1iWOqoFiB_5zvprpIPGdUYeOOPQ_JUPSqxYV4iFBsDYWsib7-bTZqiyUExZVOWCLPATHwJErAuasYAQ5iScteA9IkK0Eeh11kZRDylbRzuHUh3x-CF0qmkHxM6rDvqzRCzV1LrZG_IQWKc-wEcyG8-WfVVF9Jlx_YJyx1lccBJGwj3StxUMvMN47bbOw0VBbPKYmhSjrXqLZF5FXlQnpT4d4tkFTdqaPMtVV6NN8dZILhoD0N4w05pXw' -H 'Content-Length: 28' -H 'Content-Type: application/json' -d '{"name": "Arthur Gomez DVM"}' http://192.168.0.104:8001/groups/
[2026-04-04 10:45:54,395] - [INFO] - Response status code: 200, elapsed_time= '0:00:00.027915' 
 [
  {
    "name": "David Estrada",
    "id": 1
  },
  {
    "name": "Steven Jones",
    "id": 2
  },
  {
    "name": "Andrea Reid",
    "id": 3
  }
]

[2026-04-04 10:45:54,860] - [INFO] - Request: curl -H 'User-Agent: python-requests/2.33.1' -H 'Accept-Encoding: gzip, deflate' -H 'Accept: */*' -H 'Connection: keep-alive' -H 'Content-Length: 161' -H 'Content-Type: application/x-www-form-urlencoded' -d 'username=patrickknight&password=%256T0%40SSBN3yJoVHlKZAR6%260%23O0OIw%2A&password_repeat=%256T0%40SSBN3yJoVHlKZAR6%260%23O0OIw%2A&email=michelehill%40example.net' http://192.168.0.104:8000/auth/register/
[2026-04-04 10:45:54,860] - [INFO] - Response status code: 201, elapsed_time= '0:00:00.403773' 
 {
  "detail": "User registered"
}

[2026-04-04 10:45:55,365] - [INFO] - Request: curl -H 'User-Agent: python-requests/2.33.1' -H 'Accept-Encoding: gzip, deflate' -H 'Accept: */*' -H 'Connection: keep-alive' -H 'Content-Length: 72' -H 'Content-Type: application/x-www-form-urlencoded' -d 'username=patrickknight&password=%256T0%40SSBN3yJoVHlKZAR6%260%23O0OIw%2A' http://192.168.0.104:8000/auth/login/
[2026-04-04 10:45:55,365] - [INFO] - Response status code: 200, elapsed_time= '0:00:00.455691' 
 {
  "access_token": "eyJhbGciOiJSUzI1NiIsInR5cCI6IkpXVCJ9.eyJzdWIiOjMxLCJ1c2VybmFtZSI6InBhdHJpY2trbmlnaHQiLCJleHAiOjE3NzUyOTU5NTQsImlhdCI6MTc3NTI4ODc1NH0.KOAsprxwPyfGmHl_a1h-5J882O9ogXnqVx6Uck-UO3BWX0wjfQIntySBjn3crzA8B6iQmgY3xA1Y4xGcV-uJEBCL8UzCb1bc06G69VqqAeb9P7VL-jdLvSGyp3BRi7k34TS1lqA1LuhVmK1Gjpw_LBAfzeDJ6EOoOCl-H6COfkf9gOUyRCpH_wpMNGrm1-KJ5rGYWRl9CJXvwOg6WsBCMWGKNMpJfSl-85brRrQEQN7FM121UuC0DaeodsQihFJyjlYCikr8x1nac85FB12rx7_Lw0SYpReaMz31_Qb5eaWxrzAQBA8Dxl0QERB6e1yZnwfq3dJUStm0P58pMKXIZg",
  "token_type": "Bearer"
}

[2026-04-04 10:45:55,430] - [INFO] - Request: curl -H 'User-Agent: python-requests/2.33.1' -H 'Accept-Encoding: gzip, deflate' -H 'Accept: */*' -H 'Connection: keep-alive' -H 'Authorization: Bearer eyJhbGciOiJSUzI1NiIsInR5cCI6IkpXVCJ9.eyJzdWIiOjMxLCJ1c2VybmFtZSI6InBhdHJpY2trbmlnaHQiLCJleHAiOjE3NzUyOTU5NTQsImlhdCI6MTc3NTI4ODc1NH0.KOAsprxwPyfGmHl_a1h-5J882O9ogXnqVx6Uck-UO3BWX0wjfQIntySBjn3crzA8B6iQmgY3xA1Y4xGcV-uJEBCL8UzCb1bc06G69VqqAeb9P7VL-jdLvSGyp3BRi7k34TS1lqA1LuhVmK1Gjpw_LBAfzeDJ6EOoOCl-H6COfkf9gOUyRCpH_wpMNGrm1-KJ5rGYWRl9CJXvwOg6WsBCMWGKNMpJfSl-85brRrQEQN7FM121UuC0DaeodsQihFJyjlYCikr8x1nac85FB12rx7_Lw0SYpReaMz31_Qb5eaWxrzAQBA8Dxl0QERB6e1yZnwfq3dJUStm0P58pMKXIZg' -H 'Content-Length: 93' -H 'Content-Type: application/json' -d '{"first_name": "Matthew", "last_name": "Little", "subject": "Data Structures and Algorithms"}' http://192.168.0.104:8001/teachers/
[2026-04-04 10:45:55,430] - [INFO] - Response status code: 422, elapsed_time= '0:00:00.017392' 
 {
  "detail": [
    {
      "type": "enum",
      "loc": [
        "body",
        "subject"
      ],
      "msg": "Input should be 'Mathematics', 'Physics', 'History', 'Biology' or 'Geography'",
      "input": "Data Structures and Algorithms",
      "ctx": {
        "expected": "'Mathematics', 'Physics', 'History', 'Biology' or 'Geography'"
      }
    }
  ]
}

[2026-04-04 10:48:24,123] - [INFO] - Request: curl -X GET -H 'User-Agent: python-requests/2.33.1' -H 'Accept-Encoding: gzip, deflate' -H 'Accept: */*' -H 'Connection: keep-alive' -H 'Content-Length: 23' -H 'Content-Type: application/json' -d '{"name": "Mark Wilson"}' http://192.168.0.104:8001/groups/
[2026-04-04 10:48:24,123] - [INFO] - Response status code: 403, elapsed_time= '0:00:00.006657' 
 {
  "detail": "Access denied"
}

[2026-04-04 10:48:24,657] - [INFO] - Request: curl -H 'User-Agent: python-requests/2.33.1' -H 'Accept-Encoding: gzip, deflate' -H 'Accept: */*' -H 'Connection: keep-alive' -H 'Content-Length: 166' -H 'Content-Type: application/x-www-form-urlencoded' -d 'username=melinda49&password=%26r%21%25%2BN5%2AY65NK%21JoVDlmi%24p9wRnoq%26&password_repeat=%26r%21%25%2BN5%2AY65NK%21JoVDlmi%24p9wRnoq%26&email=ugriffin%40example.org' http://192.168.0.104:8000/auth/register/
[2026-04-04 10:48:24,658] - [INFO] - Response status code: 201, elapsed_time= '0:00:00.410479' 
 {
  "detail": "User registered"
}

[2026-04-04 10:48:25,156] - [INFO] - Request: curl -H 'User-Agent: python-requests/2.33.1' -H 'Accept-Encoding: gzip, deflate' -H 'Accept: */*' -H 'Connection: keep-alive' -H 'Content-Length: 74' -H 'Content-Type: application/x-www-form-urlencoded' -d 'username=melinda49&password=%26r%21%25%2BN5%2AY65NK%21JoVDlmi%24p9wRnoq%26' http://192.168.0.104:8000/auth/login/
[2026-04-04 10:48:25,156] - [INFO] - Response status code: 200, elapsed_time= '0:00:00.449155' 
 {
  "access_token": "eyJhbGciOiJSUzI1NiIsInR5cCI6IkpXVCJ9.eyJzdWIiOjMyLCJ1c2VybmFtZSI6Im1lbGluZGE0OSIsImV4cCI6MTc3NTI5NjEwNCwiaWF0IjoxNzc1Mjg4OTA0fQ.jzi9kLdUWilopg0s54-iQRj9H6xjlkycj1CknIQWDiWdWgqykc8__4bCqmYfxmMiRFlizJEhM0d-jxiu4GmdDSuzfP6aBATyNQMEJ0pA4ts6cvzjby8cLK_u25axitRKISWFFO1tdVCB5n53GEH4q5iJYSNgtTmUQWFonMmX_zHklXwm6_G0AURPT9BsyNN6eKqaZBNuGs2ZDvjzHnele2Oav7LMnB9b99vIQEQQEpGZjsqvWZYEw6im4BRRodK_xo3t4u0MZNIECMkD6BekW59EyS0s9suTa5jxX_IvR7nzdwLqO-Rf5G9jv42iQb5WCJloB9f6pv4BaY71gAS3Uw",
  "token_type": "Bearer"
}

[2026-04-04 10:48:25,157] - [INFO] - ### Step 1. Create group
[2026-04-04 10:48:25,239] - [INFO] - Request: curl -X GET -H 'User-Agent: python-requests/2.33.1' -H 'Accept-Encoding: gzip, deflate' -H 'Accept: */*' -H 'Connection: keep-alive' -H 'Authorization: Bearer eyJhbGciOiJSUzI1NiIsInR5cCI6IkpXVCJ9.eyJzdWIiOjMyLCJ1c2VybmFtZSI6Im1lbGluZGE0OSIsImV4cCI6MTc3NTI5NjEwNCwiaWF0IjoxNzc1Mjg4OTA0fQ.jzi9kLdUWilopg0s54-iQRj9H6xjlkycj1CknIQWDiWdWgqykc8__4bCqmYfxmMiRFlizJEhM0d-jxiu4GmdDSuzfP6aBATyNQMEJ0pA4ts6cvzjby8cLK_u25axitRKISWFFO1tdVCB5n53GEH4q5iJYSNgtTmUQWFonMmX_zHklXwm6_G0AURPT9BsyNN6eKqaZBNuGs2ZDvjzHnele2Oav7LMnB9b99vIQEQQEpGZjsqvWZYEw6im4BRRodK_xo3t4u0MZNIECMkD6BekW59EyS0s9suTa5jxX_IvR7nzdwLqO-Rf5G9jv42iQb5WCJloB9f6pv4BaY71gAS3Uw' -H 'Content-Length: 27' -H 'Content-Type: application/json' -d '{"name": "Kenneth Andrews"}' http://192.168.0.104:8001/groups/
[2026-04-04 10:48:25,239] - [INFO] - Response status code: 200, elapsed_time= '0:00:00.022200' 
 [
  {
    "name": "David Estrada",
    "id": 1
  },
  {
    "name": "Steven Jones",
    "id": 2
  },
  {
    "name": "Andrea Reid",
    "id": 3
  }
]

[2026-04-04 10:48:25,701] - [INFO] - Request: curl -H 'User-Agent: python-requests/2.33.1' -H 'Accept-Encoding: gzip, deflate' -H 'Accept: */*' -H 'Connection: keep-alive' -H 'Content-Length: 159' -H 'Content-Type: application/x-www-form-urlencoded' -d 'username=hamiltonamy&password=xoF%2BQRwz_%26%40GyoirVI99%24TU%5ENKqWQN&password_repeat=xoF%2BQRwz_%26%40GyoirVI99%24TU%5ENKqWQN&email=johnherrera%40example.com' http://192.168.0.104:8000/auth/register/
[2026-04-04 10:48:25,701] - [INFO] - Response status code: 201, elapsed_time= '0:00:00.403868' 
 {
  "detail": "User registered"
}

[2026-04-04 10:48:26,206] - [INFO] - Request: curl -H 'User-Agent: python-requests/2.33.1' -H 'Accept-Encoding: gzip, deflate' -H 'Accept: */*' -H 'Connection: keep-alive' -H 'Content-Length: 70' -H 'Content-Type: application/x-www-form-urlencoded' -d 'username=hamiltonamy&password=xoF%2BQRwz_%26%40GyoirVI99%24TU%5ENKqWQN' http://192.168.0.104:8000/auth/login/
[2026-04-04 10:48:26,207] - [INFO] - Response status code: 200, elapsed_time= '0:00:00.451887' 
 {
  "access_token": "eyJhbGciOiJSUzI1NiIsInR5cCI6IkpXVCJ9.eyJzdWIiOjMzLCJ1c2VybmFtZSI6ImhhbWlsdG9uYW15IiwiZXhwIjoxNzc1Mjk2MTA1LCJpYXQiOjE3NzUyODg5MDV9.H5rQZ6GUyRB9nty1TX4qk-_VBEMNj3Xr6tpGayfpe1DIV17XH6_foyIWi5Okc-YiJ5k22Tp3dqp2Etj59IGGajuOI8-1kiIEGsF08hDvTsjhtA_6cRlpwmVw75-TrqciEep6VJcgjo9MRYz2vbOn176-JSAiDTJzV5Pg907XK8hLZmH5Y7kte13rRx2Lt9Xx4Sm5j7DyjBMqqTA1VT8v79GSLul0TkHu3iOoY3_rMbI1Q2XIbebnUxc9XRRAfl5v5jxuHQ49Ut2cISWy1ffYVtMYzplQJAWenADQzpn1A1UwHw-KQy9lx4crIBj1vF5ok0GQUKt8E3mZARQ5hFM71A",
  "token_type": "Bearer"
}

[2026-04-04 10:48:26,280] - [INFO] - Request: curl -H 'User-Agent: python-requests/2.33.1' -H 'Accept-Encoding: gzip, deflate' -H 'Accept: */*' -H 'Connection: keep-alive' -H 'Authorization: Bearer eyJhbGciOiJSUzI1NiIsInR5cCI6IkpXVCJ9.eyJzdWIiOjMzLCJ1c2VybmFtZSI6ImhhbWlsdG9uYW15IiwiZXhwIjoxNzc1Mjk2MTA1LCJpYXQiOjE3NzUyODg5MDV9.H5rQZ6GUyRB9nty1TX4qk-_VBEMNj3Xr6tpGayfpe1DIV17XH6_foyIWi5Okc-YiJ5k22Tp3dqp2Etj59IGGajuOI8-1kiIEGsF08hDvTsjhtA_6cRlpwmVw75-TrqciEep6VJcgjo9MRYz2vbOn176-JSAiDTJzV5Pg907XK8hLZmH5Y7kte13rRx2Lt9Xx4Sm5j7DyjBMqqTA1VT8v79GSLul0TkHu3iOoY3_rMbI1Q2XIbebnUxc9XRRAfl5v5jxuHQ49Ut2cISWy1ffYVtMYzplQJAWenADQzpn1A1UwHw-KQy9lx4crIBj1vF5ok0GQUKt8E3mZARQ5hFM71A' -H 'Content-Length: 88' -H 'Content-Type: application/json' -d '{"first_name": "Nicholas", "last_name": "Kidd", "subject": "Computer Networks", "id": 1}' http://192.168.0.104:8001/teachers/
[2026-04-04 10:48:26,281] - [INFO] - Response status code: 422, elapsed_time= '0:00:00.021707' 
 {
  "detail": [
    {
      "type": "enum",
      "loc": [
        "body",
        "subject"
      ],
      "msg": "Input should be 'Mathematics', 'Physics', 'History', 'Biology' or 'Geography'",
      "input": "Computer Networks",
      "ctx": {
        "expected": "'Mathematics', 'Physics', 'History', 'Biology' or 'Geography'"
      }
    }
  ]
}

[2026-04-04 10:48:33,799] - [INFO] - Request: curl -H 'User-Agent: python-requests/2.33.1' -H 'Accept-Encoding: gzip, deflate' -H 'Accept: */*' -H 'Connection: keep-alive' -H 'Content-Length: 149' -H 'Content-Type: application/x-www-form-urlencoded' -d 'username=parkerjeffery&password=%28wWRW6VlyWOsnE4%29h4mO%28F8ddHLnex&password_repeat=%28wWRW6VlyWOsnE4%29h4mO%28F8ddHLnex&email=erogers%40example.org' http://192.168.0.104:8000/auth/register/
[2026-04-04 10:48:33,799] - [INFO] - Response status code: 201, elapsed_time= '0:00:00.430871' 
 {
  "detail": "User registered"
}

[2026-04-04 10:48:34,298] - [INFO] - Request: curl -H 'User-Agent: python-requests/2.33.1' -H 'Accept-Encoding: gzip, deflate' -H 'Accept: */*' -H 'Connection: keep-alive' -H 'Content-Length: 68' -H 'Content-Type: application/x-www-form-urlencoded' -d 'username=parkerjeffery&password=%28wWRW6VlyWOsnE4%29h4mO%28F8ddHLnex' http://192.168.0.104:8000/auth/login/
[2026-04-04 10:48:34,298] - [INFO] - Response status code: 200, elapsed_time= '0:00:00.444897' 
 {
  "access_token": "eyJhbGciOiJSUzI1NiIsInR5cCI6IkpXVCJ9.eyJzdWIiOjM0LCJ1c2VybmFtZSI6InBhcmtlcmplZmZlcnkiLCJleHAiOjE3NzUyOTYxMTMsImlhdCI6MTc3NTI4ODkxM30.UHNd3R2hGvW2YR3eVAY_wNSr2g8CriG9yIzwfwy4kv41BQQo0E_RIsaJTc60kYET7IqYj2sEsVpsKF7FLS3hbx03t8H6TFNWb7k2jQPyn-n3tjvZM9ex6zJgvmBXDjMM9h9WaJZ8KaqZKiqnrQXSQOYULffTnirVWcj_WI3PkEbh3EtiA8PlRmwcQVkgm9QvBaFfe_iy6nHm-brrElf6zFMVv0P-F9QOHwHgs-FX1ImDjToPvLKy_OF5X2zSVPsJw-p_irIf11fjxmirRgglvrHt3q6SCYewklwuuVgZHZL3SGIG6XwVYolFYvhAD1ZiEEHsJ-AQL5S4Fnvf-XE1GQ",
  "token_type": "Bearer"
}

[2026-04-04 10:48:34,359] - [INFO] - Request: curl -H 'User-Agent: python-requests/2.33.1' -H 'Accept-Encoding: gzip, deflate' -H 'Accept: */*' -H 'Connection: keep-alive' -H 'Authorization: Bearer eyJhbGciOiJSUzI1NiIsInR5cCI6IkpXVCJ9.eyJzdWIiOjM0LCJ1c2VybmFtZSI6InBhcmtlcmplZmZlcnkiLCJleHAiOjE3NzUyOTYxMTMsImlhdCI6MTc3NTI4ODkxM30.UHNd3R2hGvW2YR3eVAY_wNSr2g8CriG9yIzwfwy4kv41BQQo0E_RIsaJTc60kYET7IqYj2sEsVpsKF7FLS3hbx03t8H6TFNWb7k2jQPyn-n3tjvZM9ex6zJgvmBXDjMM9h9WaJZ8KaqZKiqnrQXSQOYULffTnirVWcj_WI3PkEbh3EtiA8PlRmwcQVkgm9QvBaFfe_iy6nHm-brrElf6zFMVv0P-F9QOHwHgs-FX1ImDjToPvLKy_OF5X2zSVPsJw-p_irIf11fjxmirRgglvrHt3q6SCYewklwuuVgZHZL3SGIG6XwVYolFYvhAD1ZiEEHsJ-AQL5S4Fnvf-XE1GQ' -H 'Content-Length: 91' -H 'Content-Type: application/json' -d '{"first_name": "Selena", "last_name": "Murray", "subject": "Software Engineering", "id": 1}' http://192.168.0.104:8001/teachers/
[2026-04-04 10:48:34,359] - [INFO] - Response status code: 422, elapsed_time= '0:00:00.011787' 
 {
  "detail": [
    {
      "type": "enum",
      "loc": [
        "body",
        "subject"
      ],
      "msg": "Input should be 'Mathematics', 'Physics', 'History', 'Biology' or 'Geography'",
      "input": "Software Engineering",
      "ctx": {
        "expected": "'Mathematics', 'Physics', 'History', 'Biology' or 'Geography'"
      }
    }
  ]
}

[2026-04-04 10:53:59,664] - [INFO] - Request: curl -H 'User-Agent: python-requests/2.33.1' -H 'Accept-Encoding: gzip, deflate' -H 'Accept: */*' -H 'Connection: keep-alive' -H 'Content-Length: 152' -H 'Content-Type: application/x-www-form-urlencoded' -d 'username=raymondjones&password=TIhxQEQ%2BwAp%29HVQP%40UNjVoGs%235Rr7d&password_repeat=TIhxQEQ%2BwAp%29HVQP%40UNjVoGs%235Rr7d&email=james47%40example.org' http://192.168.0.104:8000/auth/register/
[2026-04-04 10:53:59,664] - [INFO] - Response status code: 201, elapsed_time= '0:00:00.399055' 
 {
  "detail": "User registered"
}

[2026-04-04 10:54:00,167] - [INFO] - Request: curl -H 'User-Agent: python-requests/2.33.1' -H 'Accept-Encoding: gzip, deflate' -H 'Accept: */*' -H 'Connection: keep-alive' -H 'Content-Length: 69' -H 'Content-Type: application/x-www-form-urlencoded' -d 'username=raymondjones&password=TIhxQEQ%2BwAp%29HVQP%40UNjVoGs%235Rr7d' http://192.168.0.104:8000/auth/login/
[2026-04-04 10:54:00,168] - [INFO] - Response status code: 200, elapsed_time= '0:00:00.446370' 
 {
  "access_token": "eyJhbGciOiJSUzI1NiIsInR5cCI6IkpXVCJ9.eyJzdWIiOjM1LCJ1c2VybmFtZSI6InJheW1vbmRqb25lcyIsImV4cCI6MTc3NTI5NjQzOSwiaWF0IjoxNzc1Mjg5MjM5fQ.DTtaLP-zprqIYT-Oh3wcpJqukGEGAqG0SpH4Me6g6lv8Hy852H6czEUqbz7d6V3qL22WKAbURDj7SK4jcA8M8DNocpjdOY4GrU0luIxc39P2pm-1ZqRHr_49FfeIsbh0WW-xgSDNOMvgq2h3gwuYLHYsi6fUiptuisPmaUFMDq3beut812Xdgh9nspJIBiP192Ahf-MPNbV_oD9rNp1KCuifExmOMQZ83vf2dRsdMf8OxcwzA6MRUfM_FErENiB5-K5Ap9jM0814Aq68Mdl7QE_6bULD2B5btgfSeHmqqQ4LPTtNQGCrwgdbm7N8MJAIpEEMrMKG3LylfSSm_F03Pw",
  "token_type": "Bearer"
}

[2026-04-04 10:54:00,288] - [INFO] - Request: curl -H 'User-Agent: python-requests/2.33.1' -H 'Accept-Encoding: gzip, deflate' -H 'Accept: */*' -H 'Connection: keep-alive' -H 'Authorization: Bearer eyJhbGciOiJSUzI1NiIsInR5cCI6IkpXVCJ9.eyJzdWIiOjM1LCJ1c2VybmFtZSI6InJheW1vbmRqb25lcyIsImV4cCI6MTc3NTI5NjQzOSwiaWF0IjoxNzc1Mjg5MjM5fQ.DTtaLP-zprqIYT-Oh3wcpJqukGEGAqG0SpH4Me6g6lv8Hy852H6czEUqbz7d6V3qL22WKAbURDj7SK4jcA8M8DNocpjdOY4GrU0luIxc39P2pm-1ZqRHr_49FfeIsbh0WW-xgSDNOMvgq2h3gwuYLHYsi6fUiptuisPmaUFMDq3beut812Xdgh9nspJIBiP192Ahf-MPNbV_oD9rNp1KCuifExmOMQZ83vf2dRsdMf8OxcwzA6MRUfM_FErENiB5-K5Ap9jM0814Aq68Mdl7QE_6bULD2B5btgfSeHmqqQ4LPTtNQGCrwgdbm7N8MJAIpEEMrMKG3LylfSSm_F03Pw' -H 'Content-Length: 70' -H 'Content-Type: application/json' -d '{"first_name": "Matthew", "last_name": "Pena", "subject": "Geography"}' http://192.168.0.104:8001/teachers/
[2026-04-04 10:54:00,288] - [INFO] - Response status code: 201, elapsed_time= '0:00:00.073390' 
 {
  "first_name": "Matthew",
  "last_name": "Pena",
  "subject": "Geography",
  "id": 1
}

[2026-04-04 10:54:20,991] - [INFO] - Request: curl -H 'User-Agent: python-requests/2.33.1' -H 'Accept-Encoding: gzip, deflate' -H 'Accept: */*' -H 'Connection: keep-alive' -H 'Content-Length: 167' -H 'Content-Type: application/x-www-form-urlencoded' -d 'username=lmendoza&password=Uy%23%21Dw0hZU4%28_Mtix%23Dy0%23Bnrvfme%5E&password_repeat=Uy%23%21Dw0hZU4%28_Mtix%23Dy0%23Bnrvfme%5E&email=katherinehernandez%40example.org' http://192.168.0.104:8000/auth/register/
[2026-04-04 10:54:20,991] - [INFO] - Response status code: 201, elapsed_time= '0:00:00.399422' 
 {
  "detail": "User registered"
}

[2026-04-04 10:54:21,493] - [INFO] - Request: curl -H 'User-Agent: python-requests/2.33.1' -H 'Accept-Encoding: gzip, deflate' -H 'Accept: */*' -H 'Connection: keep-alive' -H 'Content-Length: 69' -H 'Content-Type: application/x-www-form-urlencoded' -d 'username=lmendoza&password=Uy%23%21Dw0hZU4%28_Mtix%23Dy0%23Bnrvfme%5E' http://192.168.0.104:8000/auth/login/
[2026-04-04 10:54:21,494] - [INFO] - Response status code: 200, elapsed_time= '0:00:00.454367' 
 {
  "access_token": "eyJhbGciOiJSUzI1NiIsInR5cCI6IkpXVCJ9.eyJzdWIiOjM2LCJ1c2VybmFtZSI6ImxtZW5kb3phIiwiZXhwIjoxNzc1Mjk2NDYwLCJpYXQiOjE3NzUyODkyNjB9.K9QrtzfYI1TqerSvqSHW_Ve19NcE5jvPXUskw-M8zJlsP_tNtOUeO_XsYP9JoU-lFSgD7O7cnQP6VPEf6_Hs6RCz4-NvGUMbOXjSiR5J2pLcHYWWMI7NzYJ6ddNCjXZBF2rC8tX2yAx6VB_WVlRYGW26dFUTMVUbj2KnCbNjmgVcWof58nM9jf-4F0yY7TEkSxNG-Yl1ZIWRXFPXETf8U0ODKeppYY3vGesoNNDg1CzbnncWgdiwPXe9hyeLB4SuzI1lo45XsXBb54uIqISJ42s7YJjJKYEsVzoKlT0nqLkdIzIH_AUnJtAsrEcxIfDQ5HN6lrHKd-1sWDGAQM4kNQ",
  "token_type": "Bearer"
}

[2026-04-04 10:54:21,604] - [INFO] - Request: curl -H 'User-Agent: python-requests/2.33.1' -H 'Accept-Encoding: gzip, deflate' -H 'Accept: */*' -H 'Connection: keep-alive' -H 'Authorization: Bearer eyJhbGciOiJSUzI1NiIsInR5cCI6IkpXVCJ9.eyJzdWIiOjM2LCJ1c2VybmFtZSI6ImxtZW5kb3phIiwiZXhwIjoxNzc1Mjk2NDYwLCJpYXQiOjE3NzUyODkyNjB9.K9QrtzfYI1TqerSvqSHW_Ve19NcE5jvPXUskw-M8zJlsP_tNtOUeO_XsYP9JoU-lFSgD7O7cnQP6VPEf6_Hs6RCz4-NvGUMbOXjSiR5J2pLcHYWWMI7NzYJ6ddNCjXZBF2rC8tX2yAx6VB_WVlRYGW26dFUTMVUbj2KnCbNjmgVcWof58nM9jf-4F0yY7TEkSxNG-Yl1ZIWRXFPXETf8U0ODKeppYY3vGesoNNDg1CzbnncWgdiwPXe9hyeLB4SuzI1lo45XsXBb54uIqISJ42s7YJjJKYEsVzoKlT0nqLkdIzIH_AUnJtAsrEcxIfDQ5HN6lrHKd-1sWDGAQM4kNQ' -H 'Content-Length: 69' -H 'Content-Type: application/json' -d '{"first_name": "Robert", "last_name": "Jensen", "subject": "History"}' http://192.168.0.104:8001/teachers/
[2026-04-04 10:54:21,604] - [INFO] - Response status code: 201, elapsed_time= '0:00:00.057748' 
 {
  "first_name": "Robert",
  "last_name": "Jensen",
  "subject": "History",
  "id": 2
}

[2026-04-04 10:55:59,845] - [INFO] - Request: curl -H 'User-Agent: python-requests/2.33.1' -H 'Accept-Encoding: gzip, deflate' -H 'Accept: */*' -H 'Connection: keep-alive' -H 'Content-Length: 161' -H 'Content-Type: application/x-www-form-urlencoded' -d 'username=rogerssamantha&password=xx8Use%21VU%2967Ua%23xZyY%23F7u0ez%404Ge&password_repeat=xx8Use%21VU%2967Ua%23xZyY%23F7u0ez%404Ge&email=snowjeremy%40example.org' http://192.168.0.104:8000/auth/register/
[2026-04-04 10:55:59,846] - [INFO] - Response status code: 201, elapsed_time= '0:00:00.405043' 
 {
  "detail": "User registered"
}

[2026-04-04 10:56:00,345] - [INFO] - Request: curl -H 'User-Agent: python-requests/2.33.1' -H 'Accept-Encoding: gzip, deflate' -H 'Accept: */*' -H 'Connection: keep-alive' -H 'Content-Length: 73' -H 'Content-Type: application/x-www-form-urlencoded' -d 'username=rogerssamantha&password=xx8Use%21VU%2967Ua%23xZyY%23F7u0ez%404Ge' http://192.168.0.104:8000/auth/login/
[2026-04-04 10:56:00,345] - [INFO] - Response status code: 200, elapsed_time= '0:00:00.446847' 
 {
  "access_token": "eyJhbGciOiJSUzI1NiIsInR5cCI6IkpXVCJ9.eyJzdWIiOjM3LCJ1c2VybmFtZSI6InJvZ2Vyc3NhbWFudGhhIiwiZXhwIjoxNzc1Mjk2NTU5LCJpYXQiOjE3NzUyODkzNTl9.kOcXWlf__85ntYx-L7pqIVdiBQEeyaP55vEEt00Y0JvTdwzA-7sE_LeBQQgp7x3m0sFNB1xGoJNJNnFTvGeoZSyHFivScDvOG9uwrnVXQvXjRWJ2tK5dmVsz-ggY2SdyaNC8T3Kx7g4Ua1voLET0jn45Ecd7qaBGFu_QoGETa7bH3UD0aGI9_rSXxVdyrC9qOdXkzA1n87pJ_tF-KJd4pIxn5g2EXEaaXRIfKlTqHqgXbQbrFdiuuh7fl02aVl4oZ81Q_L2wL204tG04GdULxPtqb_BjTaQYCR6CcjjH7RQNjLL_7g08um-XYUjuorbMuUjLmxUCwJjH7AJmCkd_Zg",
  "token_type": "Bearer"
}

[2026-04-04 10:56:00,420] - [INFO] - Request: curl -H 'User-Agent: python-requests/2.33.1' -H 'Accept-Encoding: gzip, deflate' -H 'Accept: */*' -H 'Connection: keep-alive' -H 'Authorization: Bearer eyJhbGciOiJSUzI1NiIsInR5cCI6IkpXVCJ9.eyJzdWIiOjM3LCJ1c2VybmFtZSI6InJvZ2Vyc3NhbWFudGhhIiwiZXhwIjoxNzc1Mjk2NTU5LCJpYXQiOjE3NzUyODkzNTl9.kOcXWlf__85ntYx-L7pqIVdiBQEeyaP55vEEt00Y0JvTdwzA-7sE_LeBQQgp7x3m0sFNB1xGoJNJNnFTvGeoZSyHFivScDvOG9uwrnVXQvXjRWJ2tK5dmVsz-ggY2SdyaNC8T3Kx7g4Ua1voLET0jn45Ecd7qaBGFu_QoGETa7bH3UD0aGI9_rSXxVdyrC9qOdXkzA1n87pJ_tF-KJd4pIxn5g2EXEaaXRIfKlTqHqgXbQbrFdiuuh7fl02aVl4oZ81Q_L2wL204tG04GdULxPtqb_BjTaQYCR6CcjjH7RQNjLL_7g08um-XYUjuorbMuUjLmxUCwJjH7AJmCkd_Zg' -H 'Content-Length: 72' -H 'Content-Type: application/json' -d '{"first_name": "Cindy", "last_name": "Miller", "subject": "Mathematics"}' http://192.168.0.104:8001/teachers/
[2026-04-04 10:56:00,421] - [INFO] - Response status code: 201, elapsed_time= '0:00:00.029554' 
 {
  "first_name": "Cindy",
  "last_name": "Miller",
  "subject": "Mathematics",
  "id": 3
}

[2026-04-04 10:56:40,677] - [INFO] - Request: curl -H 'User-Agent: python-requests/2.33.1' -H 'Accept-Encoding: gzip, deflate' -H 'Accept: */*' -H 'Connection: keep-alive' -H 'Content-Length: 140' -H 'Content-Type: application/x-www-form-urlencoded' -d 'username=darrell97&password=XquqLDbQ%24e_0bMoOt9tIaK4_gkkHjz&password_repeat=XquqLDbQ%24e_0bMoOt9tIaK4_gkkHjz&email=amyfleming%40example.org' http://192.168.0.104:8000/auth/register/
[2026-04-04 10:56:40,678] - [INFO] - Response status code: 201, elapsed_time= '0:00:00.407006' 
 {
  "detail": "User registered"
}

[2026-04-04 10:56:41,185] - [INFO] - Request: curl -H 'User-Agent: python-requests/2.33.1' -H 'Accept-Encoding: gzip, deflate' -H 'Accept: */*' -H 'Connection: keep-alive' -H 'Content-Length: 60' -H 'Content-Type: application/x-www-form-urlencoded' -d 'username=darrell97&password=XquqLDbQ%24e_0bMoOt9tIaK4_gkkHjz' http://192.168.0.104:8000/auth/login/
[2026-04-04 10:56:41,185] - [INFO] - Response status code: 200, elapsed_time= '0:00:00.449910' 
 {
  "access_token": "eyJhbGciOiJSUzI1NiIsInR5cCI6IkpXVCJ9.eyJzdWIiOjM4LCJ1c2VybmFtZSI6ImRhcnJlbGw5NyIsImV4cCI6MTc3NTI5NjYwMCwiaWF0IjoxNzc1Mjg5NDAwfQ.ICUuF5TDSltK-nEOtVt2p5A0wGm1iEhUzFswke6Kj5IOzxaw16MUsR5qIrZDBjPclhzZbuGy_CwKAct0mWZ_eE2StvjgC3gXmYDXQVoKbPETx7TU05eO3f9YKkW0sVGDx6hghmMR_y5s1vHfx37FRCr-g8RfXay2ioYqi2JAfivH4okTMXNWZqnhHNshHpEdfZ2V-zfaZywX2N1vLTzNLe9cW3XsQvwO-iPE6lYvbKeHJJEwxkm5V0TMXQRr4BgGl6WL1CHYD1-dbNtvJ1uA8oKQ4ciE4njXhEH4P0sKHR-Z-LLljNxd3tHtsdpDMjzAFHaYxcXifzHiplz5ETzbQw",
  "token_type": "Bearer"
}

[2026-04-04 10:56:41,264] - [INFO] - Request: curl -H 'User-Agent: python-requests/2.33.1' -H 'Accept-Encoding: gzip, deflate' -H 'Accept: */*' -H 'Connection: keep-alive' -H 'Authorization: Bearer eyJhbGciOiJSUzI1NiIsInR5cCI6IkpXVCJ9.eyJzdWIiOjM4LCJ1c2VybmFtZSI6ImRhcnJlbGw5NyIsImV4cCI6MTc3NTI5NjYwMCwiaWF0IjoxNzc1Mjg5NDAwfQ.ICUuF5TDSltK-nEOtVt2p5A0wGm1iEhUzFswke6Kj5IOzxaw16MUsR5qIrZDBjPclhzZbuGy_CwKAct0mWZ_eE2StvjgC3gXmYDXQVoKbPETx7TU05eO3f9YKkW0sVGDx6hghmMR_y5s1vHfx37FRCr-g8RfXay2ioYqi2JAfivH4okTMXNWZqnhHNshHpEdfZ2V-zfaZywX2N1vLTzNLe9cW3XsQvwO-iPE6lYvbKeHJJEwxkm5V0TMXQRr4BgGl6WL1CHYD1-dbNtvJ1uA8oKQ4ciE4njXhEH4P0sKHR-Z-LLljNxd3tHtsdpDMjzAFHaYxcXifzHiplz5ETzbQw' -H 'Content-Length: 72' -H 'Content-Type: application/json' -d '{"first_name": "William", "last_name": "Hanson", "subject": "Geography"}' http://192.168.0.104:8001/teachers/
[2026-04-04 10:56:41,264] - [INFO] - Response status code: 201, elapsed_time= '0:00:00.029791' 
 {
  "first_name": "William",
  "last_name": "Hanson",
  "subject": "Geography",
  "id": 4
}

